[08:32:31] [ServerMain/INFO]: [bootstrap] Running Java 21 (OpenJDK 64-Bit Server VM 21.0.7+6-Ubuntu-0ubuntu124.04; Ubuntu null) on Linux 6.8.0-1027-azure (amd64)
[08:32:31] [ServerMain/INFO]: [bootstrap] Loading Paper 1.21.4-231-ver/1.21.4@09e9afd (2025-05-19T17:59:36Z) for Minecraft 1.21.4
[08:32:31] [ServerMain/INFO]: [PluginInitializerManager] Initializing plugins...
[08:32:32] [ServerMain/INFO]: [PluginInitializerManager] Initialized 1 plugin
[08:32:32] [ServerMain/INFO]: [PluginInitializerManager] Bukkit plugins (1):
 - SkinsRestorer (15.7.7)
[08:32:37] [ServerMain/INFO]: Environment: Environment[sessionHost=https://sessionserver.mojang.com, servicesHost=https://api.minecraftservices.com, name=PROD]
[08:32:39] [ServerMain/INFO]: Loaded 1370 recipes
[08:32:39] [ServerMain/INFO]: Loaded 1481 advancements
[08:32:39] [ServerMain/INFO]: [MCTypeRegistry] Initialising converters for DataConverter...
[08:32:40] [ServerMain/INFO]: [MCTypeRegistry] Finished initialising converters for DataConverter in 204.8ms
[08:32:40] [Server thread/INFO]: Starting minecraft server version 1.21.4
[08:32:40] [Server thread/INFO]: Loading properties
[08:32:40] [Server thread/INFO]: This server is running Paper version 1.21.4-231-ver/1.21.4@09e9afd (2025-05-19T17:59:36Z) (Implementing API version 1.21.4-R0.1-SNAPSHOT)
[08:32:40] [Server thread/INFO]: [spark] This server bundles the spark profiler. For more information please visit https://docs.papermc.io/paper/profiling
[08:32:40] [Server thread/INFO]: Server Ping Player Sample Count: 12
[08:32:40] [Server thread/INFO]: Using 4 threads for Netty based IO
[08:32:41] [Server thread/INFO]: [MoonriseCommon] Paper is using 1 worker threads, 1 I/O threads
[08:32:41] [Server thread/INFO]: [ChunkTaskScheduler] Chunk system is using population gen parallelism: true
[08:32:41] [Server thread/INFO]: Default game type: SURVIVAL
[08:32:41] [Server thread/INFO]: Generating keypair
[08:32:41] [Server thread/INFO]: Starting Minecraft server on *:25565
[08:32:41] [Server thread/INFO]: Using epoll channel type
[08:32:41] [Server thread/INFO]: Paper: Using libdeflate (Linux x86_64) compression from Velocity.
[08:32:41] [Server thread/INFO]: Paper: Using OpenSSL 3.x.x (Linux x86_64) cipher from Velocity.
[08:32:41] [Server thread/INFO]: [SkinsRestorer] Loading server plugin SkinsRestorer v15.7.7
[08:32:41] [Server thread/INFO]: Server permissions file permissions.yml is empty, ignoring it
[08:32:41] [Server thread/INFO]: [SkinsRestorer] Enabling SkinsRestorer v15.7.7
[08:32:42] [Server thread/INFO]: [SkinsRestorer] Running on Minecraft 1.21.4.
[08:32:43] [Server thread/INFO]: [SkinsRestorer] Using paper join listener!
[08:32:43] [Server thread/WARN]: **** SERVER IS RUNNING IN OFFLINE/INSECURE MODE!
[08:32:43] [Server thread/WARN]: The server will make no attempt to authenticate usernames. Beware.
[08:32:43] [Server thread/WARN]: While this makes the game possible to play without internet access, it also opens up the ability for hackers to connect with any username they choose.
[08:32:43] [Server thread/WARN]: To change this, set "online-mode" to "true" in the server.properties file.
[08:32:43] [Server thread/INFO]: Preparing level "world"
[08:32:43] [Folia Async Scheduler Thread #1/INFO]: [SkinsRestorer] ----------------------------------------------
[08:32:43] [Folia Async Scheduler Thread #1/INFO]: [SkinsRestorer]     +==================+
[08:32:43] [Folia Async Scheduler Thread #1/INFO]: [SkinsRestorer]     |   SkinsRestorer  |
[08:32:43] [Folia Async Scheduler Thread #1/INFO]: [SkinsRestorer]     |------------------|
[08:32:43] [Folia Async Scheduler Thread #1/INFO]: [SkinsRestorer]     |  Standalone Mode |
[08:32:43] [Folia Async Scheduler Thread #1/INFO]: [SkinsRestorer]     +==================+
[08:32:43] [Folia Async Scheduler Thread #1/INFO]: [SkinsRestorer] ----------------------------------------------
[08:32:43] [Folia Async Scheduler Thread #1/INFO]: [SkinsRestorer]     Version: 15.7.7
[08:32:43] [Folia Async Scheduler Thread #1/INFO]: [SkinsRestorer]     Commit: 7eff058
[08:32:43] [Folia Async Scheduler Thread #1/INFO]: [SkinsRestorer]     This is the latest version!
[08:32:43] [Folia Async Scheduler Thread #1/INFO]: [SkinsRestorer] ----------------------------------------------
[08:32:43] [Folia Async Scheduler Thread #1/INFO]: [SkinsRestorer] Do you have issues? Read our troubleshooting guide: https://skinsrestorer.net/docs/troubleshooting
[08:32:43] [Folia Async Scheduler Thread #1/INFO]: [SkinsRestorer] Want to support SkinsRestorer? Consider donating: https://skinsrestorer.net/donate
[08:32:43] [Server thread/INFO]: Preparing start region for dimension minecraft:overworld
[08:32:44] [Server thread/INFO]: Preparing spawn area: 0%
[08:32:44] [Server thread/INFO]: Preparing spawn area: 2%
[08:32:44] [Server thread/INFO]: Time elapsed: 984 ms
[08:32:44] [Server thread/INFO]: Preparing start region for dimension minecraft:the_nether
[08:32:44] [Server thread/INFO]: Preparing spawn area: 0%
[08:32:45] [Server thread/INFO]: Time elapsed: 242 ms
[08:32:45] [Server thread/INFO]: Preparing start region for dimension minecraft:the_end
[08:32:45] [Server thread/INFO]: Preparing spawn area: 0%
[08:32:45] [Server thread/INFO]: Time elapsed: 168 ms
[08:32:45] [Server thread/INFO]: [spark] Starting background profiler...
[08:32:45] [Server thread/INFO]: Done preparing level "world" (2.383s)
[08:32:45] [Server thread/INFO]: Running delayed init tasks
[08:32:45] [Server thread/INFO]: Done (15.190s)! For help, type "help"
[08:33:18] [User Authenticator #0/INFO]: UUID of player Santix15 is 1f8cbd0f-e34f-3631-ad78-ab523f2938ae
[08:33:21] [Server thread/INFO]: Santix15 joined the game
[08:33:21] [Server thread/INFO]: Santix15[/127.19.82.212:49097] logged in with entity id 22 at ([world]-952.425849872834, 182.0, -191.5820804456651)
